2026-10-05T16:40:19.137878 | aud_2d004c01 | data_engineer | Data Engineer | PIPELINE_RUN | MEDALLION_PIPELINE | FAILED | Pipeline pipe_064da7e2 failed after 9.94s: One of max or min must be given
2026-10-05T16:41:30.917308 | aud_8c40cc6b | data_engineer | Data Engineer | PIPELINE_RUN | MEDALLION_PIPELINE | SUCCESS | Pipeline pipe_ff50f944 completed in 12.63s. Bronze: 57238, Silver: 56616, Gold: 65343, Quality: 99.62%
2026-10-05T16:42:36.626900 | aud_803842d1 | test_admin | Hospital Administrator | AGENT_QUERY | HealthAnalyst Agent | SUCCESS | Why did readmission increase?
2026-10-05T16:44:12.839185 | aud_64c9986a | test_admin | Hospital Administrator | AGENT_QUERY | HealthAnalyst Agent | SUCCESS | Why did readmission increase?
2026-10-05T16:46:31.289052 | aud_b44dd4b1 | dr_chen | Doctor | AGENT_QUERY | MediCare Agent | SUCCESS | Give me a summary of patient P_00001
2026-10-05T16:46:32.083260 | aud_2243a0dc | admin_holloway | Hospital Administrator | AGENT_QUERY | HealthAnalyst Agent | SUCCESS | Why did readmissions increase this month?
2026-10-05T16:46:32.312436 | aud_d8697da2 | pharmacist_patel | Pharmacist | AGENT_QUERY | PharmaLab Agent | SUCCESS | Which medicines require procurement attention?
2026-10-05T16:47:22.052043 | aud_f6574f5f | dr_chen | Doctor | AGENT_QUERY | MediCare Agent | SUCCESS | Give me a summary of patient P_00001
2026-10-05T16:47:22.847971 | aud_810af466 | admin_holloway | Hospital Administrator | AGENT_QUERY | HealthAnalyst Agent | SUCCESS | Why did readmissions increase this month?
2026-10-05T16:47:23.079594 | aud_a1411a7d | pharmacist_patel | Pharmacist | AGENT_QUERY | PharmaLab Agent | SUCCESS | Which medicines require procurement attention?
2026-10-05T16:47:23.386262 | aud_00fd2642 | pharmacist_patel | Laboratory Technician | AGENT_QUERY | PharmaLab Agent | SUCCESS | Analyze laboratory workload and capacity
2026-10-05T16:47:36.748397 | aud_f26afd2d | test_admin | Hospital Administrator | AGENT_QUERY | HealthAnalyst Agent | SUCCESS | Why did readmission increase?
2026-10-05T16:53:49.664108 | aud_3d964d34 | data_engineer | Data Engineer | LOGIN | SYSTEM_AUTH | SUCCESS | Authenticated successfully.
2026-10-05T16:56:51.532431 | aud_cb11fb18 | data_engineer | Data Engineer | PIPELINE_RUN | MEDALLION_PIPELINE | SUCCESS | Pipeline pipe_c0dd5426 completed in 14.49s. Bronze: 57238, Silver: 56616, Gold: 65343, Quality: 99.62%
2026-10-05T16:57:15.167568 | aud_67edd689 | data_engineer | Data Engineer | PIPELINE_RUN | MEDALLION_PIPELINE | SUCCESS | Pipeline pipe_781bc7bd completed in 18.33s. Bronze: 57238, Silver: 56616, Gold: 65343, Quality: 99.62%
2026-10-05T16:57:36.291867 | aud_f0b59392 | data_engineer | Data Engineer | GENERATE_DATASET | ALL_12_DATASETS | SUCCESS | Generated 57238 synthetic records across 12 datasets.
2026-10-05T16:57:50.339011 | aud_c33eedc0 | data_engineer | Data Engineer | GENERATE_DATASET | ALL_12_DATASETS | SUCCESS | Generated 57238 synthetic records across 12 datasets.
2026-10-05T16:57:53.167166 | aud_a0a8a9f7 | data_engineer | Data Engineer | MODEL_TRAIN | ALL_PREDICTIVE_MODELS | SUCCESS | Trained all 5 predictive models.
2026-10-05T16:58:21.294224 | aud_f2c6e3bb | data_engineer | Data Engineer | MODEL_TRAIN | ALL_PREDICTIVE_MODELS | SUCCESS | Trained all 5 predictive models.
2026-10-05T17:03:14.783831 | aud_91d184c7 | test_admin | Hospital Administrator | AGENT_QUERY | HealthAnalyst Agent | SUCCESS | Why did readmission increase?
2026-10-05T17:04:19.811770 | aud_3aaa2226 | dr_chen | Doctor | LOGIN | SYSTEM_AUTH | SUCCESS | Authenticated successfully.
2026-10-05T17:04:21.237314 | aud_aecf0768 | dr_chen | Doctor | PATIENT_360_VIEW | PATIENT_P_00001 | SUCCESS | Viewed Patient 360 profile for P_00001
2026-10-05T17:05:18.529815 | aud_a25bb6a4 | dr_chen | Doctor | PATIENT_360_VIEW | PATIENT_P_00001 | SUCCESS | Viewed Patient 360 profile for P_00001
2026-10-05T17:05:19.524181 | aud_4419e9eb | dr_chen | Doctor | AGENT_QUERY | MediCare Agent | SUCCESS | What does Guideline CPG-CLIN-001 recommend for high-risk dis
2026-10-05T17:06:11.034997 | aud_0d926e87 | dr_chen | Doctor | PATIENT_360_VIEW | PATIENT_P_00001 | SUCCESS | Viewed Patient 360 profile for P_00001
2026-10-05T17:06:15.764879 | aud_d4e4b68e | dr_chen | Doctor | PATIENT_360_VIEW | PATIENT_P_00001 | SUCCESS | Viewed Patient 360 profile for P_00001
2026-10-05T17:06:16.648353 | aud_af53f76b | dr_chen | Doctor | AGENT_QUERY | MediCare Agent | SUCCESS | Show highest-risk chronic disease patients currently monitor
2026-10-05T17:06:52.771174 | aud_a11c0668 | dr_chen | Doctor | PATIENT_360_VIEW | PATIENT_P_00001 | SUCCESS | Viewed Patient 360 profile for P_00001
2026-10-05T17:06:54.542105 | aud_d88dfa74 | dr_chen | Doctor | PATIENT_360_VIEW | PATIENT_P_00001 | SUCCESS | Viewed Patient 360 profile for P_00001
2026-10-05T17:49:10.840399 | aud_c58f855e | dr_chen | Doctor | LOGOUT | SYSTEM_AUTH | SUCCESS | Signed out gracefully.
2026-10-05T17:54:45.371943 | aud_645f8a47 | data_engineer | Data Engineer | LOGIN | SYSTEM_AUTH | SUCCESS | Authenticated successfully.
2026-10-05T17:55:46.277021 | aud_58de7030 | data_engineer | Data Engineer | PIPELINE_RUN | MEDALLION_PIPELINE | SUCCESS | Pipeline pipe_b68a8bdd completed in 16.71s. Bronze: 57238, Silver: 56616, Gold: 65343, Quality: 99.62%
2026-10-05T18:05:06.345144 | aud_0a686b17 | test_admin | Hospital Administrator | AGENT_QUERY | HealthAnalyst Agent | SUCCESS | Why did readmission increase?
2026-10-05T18:11:04.127827 | aud_04b37bdb | dr_chen | Doctor | LAUNCH_WELCOME | SYSTEM_AUTH | SUCCESS | 1-Click Launch from Welcome page as Doctor
2026-10-05T18:11:05.627527 | aud_c93e1cf4 | dr_chen | Doctor | PATIENT_360_VIEW | PATIENT_P_00001 | SUCCESS | Viewed Patient 360 profile for P_00001
2026-10-05T18:11:22.115118 | aud_0d822a31 | dr_chen | Doctor | PATIENT_360_VIEW | PATIENT_P_00001 | SUCCESS | Viewed Patient 360 profile for P_00001
2026-10-05T18:11:42.484990 | aud_fade4573 | it_admin_torvalds | Doctor | PATIENT_360_VIEW | PATIENT_P_00001 | SUCCESS | Viewed Patient 360 profile for P_00001
2026-10-05T18:13:04.140298 | aud_570771b3 | data_engineer | Data Engineer | LOGIN_1CLICK | SYSTEM_AUTH | SUCCESS | Demo 1-Click Login as Data Engineer
2026-10-05T18:16:28.931663 | aud_a5b58a56 | data_engineer | Data Engineer | LOGIN_1CLICK | SYSTEM_AUTH | SUCCESS | Demo 1-Click Login as Data Engineer
2026-10-05T18:28:34.347428 | aud_b89012ba | test_admin | Hospital Administrator | AGENT_QUERY | HealthAnalyst Agent | SUCCESS | Why did readmission increase?
2026-10-05T18:30:48.579324 | aud_849a03e9 | data_engineer | Data Engineer | LOGIN_1CLICK | SYSTEM_AUTH | SUCCESS | Demo 1-Click Login as Data Engineer
2026-10-05T18:32:51.404884 | aud_80dc0a97 | data_engineer | Data Engineer | PIPELINE_RUN | MEDALLION_PIPELINE | SUCCESS | Pipeline pipe_82b9446f completed in 17.47s. Bronze: 57238, Silver: 56616, Gold: 65343, Quality: 99.62%
2026-10-05T18:33:27.239285 | aud_aeb1ac05 | dr_chen | Doctor | ROLE_SWITCH | SYSTEM_AUTH | SUCCESS | Switched role to Doctor
2026-10-05T18:33:27.576711 | aud_184d387d | dr_chen | Doctor | ROLE_SWITCH | SYSTEM_AUTH | SUCCESS | Switched role to Doctor
2026-10-05T18:33:27.881838 | aud_98fc8031 | dr_chen | Doctor | ROLE_SWITCH | SYSTEM_AUTH | SUCCESS | Switched role to Doctor
2026-10-05T18:33:28.191388 | aud_438ba01c | dr_chen | Doctor | ROLE_SWITCH | SYSTEM_AUTH | SUCCESS | Switched role to Doctor
2026-10-05T18:33:28.477873 | aud_a8b4f6c4 | dr_chen | Doctor | ROLE_SWITCH | SYSTEM_AUTH | SUCCESS | Switched role to Doctor
2026-10-05T18:33:28.695391 | aud_033309db | dr_chen | Doctor | ROLE_SWITCH | SYSTEM_AUTH | SUCCESS | Switched role to Doctor
2026-10-05T18:33:28.915963 | aud_9662c507 | dr_chen | Doctor | ROLE_SWITCH | SYSTEM_AUTH | SUCCESS | Switched role to Doctor
2026-10-05T18:33:29.182502 | aud_d34ab680 | dr_chen | Doctor | ROLE_SWITCH | SYSTEM_AUTH | SUCCESS | Switched role to Doctor
2026-10-05T18:33:29.404269 | aud_0cf28122 | dr_chen | Doctor | ROLE_SWITCH | SYSTEM_AUTH | SUCCESS | Switched role to Doctor
2026-10-05T18:33:29.653877 | aud_370e4783 | dr_chen | Doctor | ROLE_SWITCH | SYSTEM_AUTH | SUCCESS | Switched role to Doctor
2026-10-05T18:33:29.887107 | aud_bc6032f4 | dr_chen | Doctor | ROLE_SWITCH | SYSTEM_AUTH | SUCCESS | Switched role to Doctor
2026-10-05T18:33:30.131374 | aud_981a37d6 | dr_chen | Doctor | ROLE_SWITCH | SYSTEM_AUTH | SUCCESS | Switched role to Doctor
2026-10-05T18:33:30.370888 | aud_35a0a4e4 | dr_chen | Doctor | ROLE_SWITCH | SYSTEM_AUTH | SUCCESS | Switched role to Doctor
2026-10-05T18:33:30.602962 | aud_d306c700 | dr_chen | Doctor | ROLE_SWITCH | SYSTEM_AUTH | SUCCESS | Switched role to Doctor
2026-10-05T18:33:30.844341 | aud_d0f9ec55 | dr_chen | Doctor | ROLE_SWITCH | SYSTEM_AUTH | SUCCESS | Switched role to Doctor
2026-10-05T18:33:31.077531 | aud_37c4f378 | dr_chen | Doctor | ROLE_SWITCH | SYSTEM_AUTH | SUCCESS | Switched role to Doctor
2026-10-05T18:33:31.291818 | aud_7225d734 | dr_chen | Doctor | ROLE_SWITCH | SYSTEM_AUTH | SUCCESS | Switched role to Doctor
2026-10-05T18:33:31.524835 | aud_1717f6e7 | dr_chen | Doctor | ROLE_SWITCH | SYSTEM_AUTH | SUCCESS | Switched role to Doctor
2026-10-05T18:33:31.742736 | aud_d221e042 | dr_chen | Doctor | ROLE_SWITCH | SYSTEM_AUTH | SUCCESS | Switched role to Doctor
2026-10-05T18:33:31.983821 | aud_f0702035 | dr_chen | Doctor | ROLE_SWITCH | SYSTEM_AUTH | SUCCESS | Switched role to Doctor
2026-10-05T18:33:32.326296 | aud_fe56b841 | dr_chen | Doctor | ROLE_SWITCH | SYSTEM_AUTH | SUCCESS | Switched role to Doctor
2026-10-05T18:33:32.559536 | aud_f64bb20b | dr_chen | Doctor | ROLE_SWITCH | SYSTEM_AUTH | SUCCESS | Switched role to Doctor
2026-10-05T18:33:32.787538 | aud_ebf24cb5 | dr_chen | Doctor | ROLE_SWITCH | SYSTEM_AUTH | SUCCESS | Switched role to Doctor
2026-10-05T18:33:33.007460 | aud_78320f75 | dr_chen | Doctor | ROLE_SWITCH | SYSTEM_AUTH | SUCCESS | Switched role to Doctor
2026-10-05T18:33:33.224365 | aud_2f1f3ff6 | dr_chen | Doctor | ROLE_SWITCH | SYSTEM_AUTH | SUCCESS | Switched role to Doctor
2026-10-05T18:33:33.446295 | aud_4b20de98 | dr_chen | Doctor | ROLE_SWITCH | SYSTEM_AUTH | SUCCESS | Switched role to Doctor
2026-10-05T18:33:33.661814 | aud_78e0f6fb | dr_chen | Doctor | ROLE_SWITCH | SYSTEM_AUTH | SUCCESS | Switched role to Doctor
2026-10-05T18:33:33.895685 | aud_fbe455ec | dr_chen | Doctor | ROLE_SWITCH | SYSTEM_AUTH | SUCCESS | Switched role to Doctor
2026-10-05T18:33:34.111153 | aud_14dbc9e1 | dr_chen | Doctor | ROLE_SWITCH | SYSTEM_AUTH | SUCCESS | Switched role to Doctor
2026-10-05T18:33:34.343819 | aud_f0e30cad | dr_chen | Doctor | ROLE_SWITCH | SYSTEM_AUTH | SUCCESS | Switched role to Doctor
2026-10-05T18:33:34.556211 | aud_daad83e7 | dr_chen | Doctor | ROLE_SWITCH | SYSTEM_AUTH | SUCCESS | Switched role to Doctor
2026-10-05T18:33:34.783681 | aud_0c48b261 | dr_chen | Doctor | ROLE_SWITCH | SYSTEM_AUTH | SUCCESS | Switched role to Doctor
2026-10-05T18:33:35.010161 | aud_ecb1f057 | dr_chen | Doctor | ROLE_SWITCH | SYSTEM_AUTH | SUCCESS | Switched role to Doctor
2026-10-05T18:33:35.266985 | aud_8dfeec69 | dr_chen | Doctor | ROLE_SWITCH | SYSTEM_AUTH | SUCCESS | Switched role to Doctor
2026-10-05T18:33:35.489944 | aud_5c363f1d | dr_chen | Doctor | ROLE_SWITCH | SYSTEM_AUTH | SUCCESS | Switched role to Doctor
2026-10-05T18:33:35.718086 | aud_74878cfe | dr_chen | Doctor | ROLE_SWITCH | SYSTEM_AUTH | SUCCESS | Switched role to Doctor
2026-10-05T18:33:36.043486 | aud_fc52651f | dr_chen | Doctor | ROLE_SWITCH | SYSTEM_AUTH | SUCCESS | Switched role to Doctor
2026-10-05T18:33:36.263175 | aud_5a41ac1b | dr_chen | Doctor | ROLE_SWITCH | SYSTEM_AUTH | SUCCESS | Switched role to Doctor
2026-10-05T18:33:36.480832 | aud_96cc9296 | dr_chen | Doctor | ROLE_SWITCH | SYSTEM_AUTH | SUCCESS | Switched role to Doctor
2026-10-05T18:33:36.702386 | aud_9a4a9b71 | dr_chen | Doctor | ROLE_SWITCH | SYSTEM_AUTH | SUCCESS | Switched role to Doctor
2026-10-05T18:33:36.937225 | aud_89d6468a | dr_chen | Doctor | ROLE_SWITCH | SYSTEM_AUTH | SUCCESS | Switched role to Doctor
2026-10-05T18:33:37.182040 | aud_7e855b36 | dr_chen | Doctor | ROLE_SWITCH | SYSTEM_AUTH | SUCCESS | Switched role to Doctor
2026-10-05T18:33:37.408791 | aud_9b2b59e9 | dr_chen | Doctor | ROLE_SWITCH | SYSTEM_AUTH | SUCCESS | Switched role to Doctor
2026-10-05T18:33:37.663887 | aud_91a79c25 | dr_chen | Doctor | ROLE_SWITCH | SYSTEM_AUTH | SUCCESS | Switched role to Doctor
2026-10-05T18:33:37.900417 | aud_44f5b120 | dr_chen | Doctor | ROLE_SWITCH | SYSTEM_AUTH | SUCCESS | Switched role to Doctor
2026-10-05T18:33:38.127418 | aud_f8034988 | dr_chen | Doctor | ROLE_SWITCH | SYSTEM_AUTH | SUCCESS | Switched role to Doctor
2026-10-05T18:33:38.372680 | aud_a1f03fdb | dr_chen | Doctor | ROLE_SWITCH | SYSTEM_AUTH | SUCCESS | Switched role to Doctor
2026-10-05T18:33:38.632054 | aud_37eb0e1c | dr_chen | Doctor | ROLE_SWITCH | SYSTEM_AUTH | SUCCESS | Switched role to Doctor
2026-10-05T18:33:38.902585 | aud_dec5c95e | dr_chen | Doctor | ROLE_SWITCH | SYSTEM_AUTH | SUCCESS | Switched role to Doctor
2026-10-05T18:33:39.159888 | aud_58e08ede | dr_chen | Doctor | ROLE_SWITCH | SYSTEM_AUTH | SUCCESS | Switched role to Doctor
2026-10-05T18:33:39.406158 | aud_94004f93 | dr_chen | Doctor | ROLE_SWITCH | SYSTEM_AUTH | SUCCESS | Switched role to Doctor
2026-10-05T18:33:39.648927 | aud_cea573da | dr_chen | Doctor | ROLE_SWITCH | SYSTEM_AUTH | SUCCESS | Switched role to Doctor
2026-10-05T18:33:39.885719 | aud_8925164a | dr_chen | Doctor | ROLE_SWITCH | SYSTEM_AUTH | SUCCESS | Switched role to Doctor
2026-10-05T18:33:40.136397 | aud_bf96bc82 | dr_chen | Doctor | ROLE_SWITCH | SYSTEM_AUTH | SUCCESS | Switched role to Doctor
2026-10-05T18:33:40.378614 | aud_4f801c3e | dr_chen | Doctor | ROLE_SWITCH | SYSTEM_AUTH | SUCCESS | Switched role to Doctor
2026-10-05T18:33:40.615032 | aud_8172b823 | dr_chen | Doctor | ROLE_SWITCH | SYSTEM_AUTH | SUCCESS | Switched role to Doctor
2026-10-05T18:33:40.854165 | aud_e4cc54de | dr_chen | Doctor | ROLE_SWITCH | SYSTEM_AUTH | SUCCESS | Switched role to Doctor
2026-10-05T18:33:41.092619 | aud_f146c902 | dr_chen | Doctor | ROLE_SWITCH | SYSTEM_AUTH | SUCCESS | Switched role to Doctor
2026-10-05T18:33:41.318831 | aud_ef3f680f | dr_chen | Doctor | ROLE_SWITCH | SYSTEM_AUTH | SUCCESS | Switched role to Doctor
2026-10-05T18:33:41.544312 | aud_f87d8f2c | dr_chen | Doctor | ROLE_SWITCH | SYSTEM_AUTH | SUCCESS | Switched role to Doctor
2026-10-05T18:33:41.763534 | aud_0abaf2a5 | dr_chen | Doctor | ROLE_SWITCH | SYSTEM_AUTH | SUCCESS | Switched role to Doctor
2026-10-05T18:33:41.837184 | aud_024fea1e | dr_chen | Doctor | ROLE_SWITCH | SYSTEM_AUTH | SUCCESS | Switched role to Doctor
2026-10-05T18:33:42.142844 | aud_815e8851 | dr_chen | Doctor | ROLE_SWITCH | SYSTEM_AUTH | SUCCESS | Switched role to Doctor
2026-10-05T18:33:42.376519 | aud_88e5a872 | dr_chen | Doctor | ROLE_SWITCH | SYSTEM_AUTH | SUCCESS | Switched role to Doctor
2026-10-05T18:33:42.611900 | aud_7cabf878 | dr_chen | Doctor | ROLE_SWITCH | SYSTEM_AUTH | SUCCESS | Switched role to Doctor
2026-10-05T18:33:42.843829 | aud_50f6d8a3 | dr_chen | Doctor | ROLE_SWITCH | SYSTEM_AUTH | SUCCESS | Switched role to Doctor
2026-10-05T18:33:43.085908 | aud_65ae12ed | dr_chen | Doctor | ROLE_SWITCH | SYSTEM_AUTH | SUCCESS | Switched role to Doctor
2026-10-05T18:33:43.548410 | aud_cd8aebf3 | dr_chen | Doctor | ROLE_SWITCH | SYSTEM_AUTH | SUCCESS | Switched role to Doctor
2026-10-05T18:33:43.782546 | aud_72ac6668 | dr_chen | Doctor | ROLE_SWITCH | SYSTEM_AUTH | SUCCESS | Switched role to Doctor
2026-10-05T18:33:43.999219 | aud_a6bce0e5 | dr_chen | Doctor | ROLE_SWITCH | SYSTEM_AUTH | SUCCESS | Switched role to Doctor
2026-10-05T18:33:44.222726 | aud_9dcd1c07 | dr_chen | Doctor | ROLE_SWITCH | SYSTEM_AUTH | SUCCESS | Switched role to Doctor
2026-10-05T18:33:44.450834 | aud_23c4aaf3 | dr_chen | Doctor | ROLE_SWITCH | SYSTEM_AUTH | SUCCESS | Switched role to Doctor
2026-10-05T18:33:44.626609 | aud_3d2f8116 | dr_chen | Doctor | ROLE_SWITCH | SYSTEM_AUTH | SUCCESS | Switched role to Doctor
2026-10-05T18:33:44.913262 | aud_c3c039cc | dr_chen | Doctor | ROLE_SWITCH | SYSTEM_AUTH | SUCCESS | Switched role to Doctor
2026-10-05T18:33:45.131294 | aud_da3ee251 | dr_chen | Doctor | ROLE_SWITCH | SYSTEM_AUTH | SUCCESS | Switched role to Doctor
2026-10-05T18:33:45.374516 | aud_69ba31df | dr_chen | Doctor | ROLE_SWITCH | SYSTEM_AUTH | SUCCESS | Switched role to Doctor
2026-10-05T18:33:45.635046 | aud_85c9703c | dr_chen | Doctor | ROLE_SWITCH | SYSTEM_AUTH | SUCCESS | Switched role to Doctor
2026-10-05T18:33:45.864194 | aud_d28e39cd | dr_chen | Doctor | ROLE_SWITCH | SYSTEM_AUTH | SUCCESS | Switched role to Doctor
2026-10-05T18:33:46.091330 | aud_64265097 | dr_chen | Doctor | ROLE_SWITCH | SYSTEM_AUTH | SUCCESS | Switched role to Doctor
2026-10-05T18:33:46.339435 | aud_4b706c7e | dr_chen | Doctor | ROLE_SWITCH | SYSTEM_AUTH | SUCCESS | Switched role to Doctor
2026-10-05T18:33:46.566037 | aud_7a16df33 | dr_chen | Doctor | ROLE_SWITCH | SYSTEM_AUTH | SUCCESS | Switched role to Doctor
2026-10-05T18:33:46.803247 | aud_451f9b68 | dr_chen | Doctor | ROLE_SWITCH | SYSTEM_AUTH | SUCCESS | Switched role to Doctor
2026-10-05T18:33:47.036397 | aud_76fe8aa6 | dr_chen | Doctor | ROLE_SWITCH | SYSTEM_AUTH | SUCCESS | Switched role to Doctor
2026-10-05T18:33:47.272805 | aud_f0b7d0a8 | dr_chen | Doctor | ROLE_SWITCH | SYSTEM_AUTH | SUCCESS | Switched role to Doctor
2026-10-05T18:33:47.502430 | aud_5f6f7182 | dr_chen | Doctor | ROLE_SWITCH | SYSTEM_AUTH | SUCCESS | Switched role to Doctor
2026-10-05T18:33:47.730598 | aud_f5a9e358 | dr_chen | Doctor | ROLE_SWITCH | SYSTEM_AUTH | SUCCESS | Switched role to Doctor
2026-10-05T18:33:47.985820 | aud_126ac1ab | dr_chen | Doctor | ROLE_SWITCH | SYSTEM_AUTH | SUCCESS | Switched role to Doctor
2026-10-05T18:33:48.209516 | aud_245fe74d | dr_chen | Doctor | ROLE_SWITCH | SYSTEM_AUTH | SUCCESS | Switched role to Doctor
2026-10-05T18:33:48.435705 | aud_ea813c6d | dr_chen | Doctor | ROLE_SWITCH | SYSTEM_AUTH | SUCCESS | Switched role to Doctor
2026-10-05T18:33:48.687423 | aud_bbef0089 | dr_chen | Doctor | ROLE_SWITCH | SYSTEM_AUTH | SUCCESS | Switched role to Doctor
2026-10-05T18:33:48.934612 | aud_0c6ed7c8 | dr_chen | Doctor | ROLE_SWITCH | SYSTEM_AUTH | SUCCESS | Switched role to Doctor
2026-10-05T18:33:49.176500 | aud_82255872 | dr_chen | Doctor | ROLE_SWITCH | SYSTEM_AUTH | SUCCESS | Switched role to Doctor
2026-10-05T18:33:49.408699 | aud_e3e3e6c3 | dr_chen | Doctor | ROLE_SWITCH | SYSTEM_AUTH | SUCCESS | Switched role to Doctor
2026-10-05T18:33:49.642061 | aud_fb79f73f | dr_chen | Doctor | ROLE_SWITCH | SYSTEM_AUTH | SUCCESS | Switched role to Doctor
2026-10-05T18:33:49.872848 | aud_82d634ae | dr_chen | Doctor | ROLE_SWITCH | SYSTEM_AUTH | SUCCESS | Switched role to Doctor
2026-10-05T18:33:50.102724 | aud_06933050 | dr_chen | Doctor | ROLE_SWITCH | SYSTEM_AUTH | SUCCESS | Switched role to Doctor
2026-10-05T18:33:56.644866 | aud_16917fcc | dr_chen | Doctor | LOGIN_1CLICK | SYSTEM_AUTH | SUCCESS | Demo 1-Click Login as Doctor
2026-10-05T18:33:58.077619 | aud_f97b6093 | dr_chen | Doctor | PATIENT_360_VIEW | PATIENT_P_00001 | SUCCESS | Viewed Patient 360 profile for P_00001
2026-10-05T18:49:29.455116 | aud_e89acbf7 | test_admin | Hospital Administrator | AGENT_QUERY | HealthAnalyst Agent | SUCCESS | Why did readmission increase?
2026-10-05T18:50:46.377434 | aud_5a877f46 | test_admin | Hospital Administrator | AGENT_QUERY | HealthAnalyst Agent | SUCCESS | Why did readmission increase?
2026-10-05T18:51:37.822006 | aud_39c2ab38 | dr_chen | Doctor | PATIENT_360_VIEW | PATIENT_P_00001 | SUCCESS | Viewed Patient 360 profile for P_00001
2026-10-05T18:51:46.539783 | aud_0e043754 | data_engineer | Data Engineer | LAUNCH_WELCOME | SYSTEM_AUTH | SUCCESS | 1-Click Launch from Welcome as Data Engineer
2026-10-05T18:52:09.772625 | aud_23dc5f1a | data_engineer | Data Engineer | PIPELINE_RUN | MEDALLION_PIPELINE | SUCCESS | Pipeline pipe_aec197f4 completed in 16.84s. Bronze: 57238, Silver: 56616, Gold: 65498, Quality: 99.62%
2026-10-05T18:53:04.978133 | aud_277f3ecc | data_engineer | Data Engineer | LOGOUT | SYSTEM_AUTH | SUCCESS | Signed out gracefully.
2026-10-05T18:53:09.588215 | aud_4466a5f3 | dr_chen | Doctor | LAUNCH_WELCOME | SYSTEM_AUTH | SUCCESS | 1-Click Launch from Welcome as Doctor
2026-10-05T18:53:10.650347 | aud_cb2caeb6 | dr_chen | Doctor | PATIENT_360_VIEW | PATIENT_P_00001 | SUCCESS | Viewed Patient 360 profile for P_00001
2026-10-05T18:53:51.326516 | aud_2366e012 | dr_chen | Doctor | LOGOUT | SYSTEM_AUTH | SUCCESS | Signed out gracefully.
2026-10-05T18:53:54.673867 | aud_4255aa19 | admin_holloway | Hospital Administrator | LAUNCH_WELCOME | SYSTEM_AUTH | SUCCESS | 1-Click Launch from Welcome as Hospital Administrator
2026-10-05T18:54:16.761320 | aud_c9f684be | admin_holloway | Hospital Administrator | LOGOUT | SYSTEM_AUTH | SUCCESS | Signed out gracefully.
2026-10-05T18:54:20.969360 | aud_562ca10c | pharmacist_patel | Pharmacist | LAUNCH_WELCOME | SYSTEM_AUTH | SUCCESS | 1-Click Launch from Welcome as Pharmacist
2026-10-05T19:01:20.225218 | aud_7aa54036 | test_admin | Hospital Administrator | AGENT_QUERY | HealthAnalyst Agent | SUCCESS | Why did readmission increase?
2026-10-05T19:03:04.001527 | aud_89832929 | dr_chen | Doctor | LAUNCH_WELCOME | SYSTEM_AUTH | SUCCESS | 1-Click Launch from Welcome as Doctor
2026-10-05T19:03:05.029561 | aud_5e203d65 | dr_chen | Doctor | PATIENT_360_VIEW | PATIENT_P_00001 | SUCCESS | Viewed Patient 360 profile for P_00001
2026-10-05T19:03:25.256690 | aud_c8815841 | dr_chen | Doctor | LAUNCH_WELCOME | SYSTEM_AUTH | SUCCESS | 1-Click Launch from Welcome as Doctor
2026-10-05T19:03:26.145967 | aud_a6383474 | dr_chen | Doctor | PATIENT_360_VIEW | PATIENT_P_00001 | SUCCESS | Viewed Patient 360 profile for P_00001
2026-10-05T19:03:34.292812 | aud_9daa8561 | dr_chen | Doctor | PATIENT_360_VIEW | PATIENT_P_00001 | SUCCESS | Viewed Patient 360 profile for P_00001
2026-10-05T19:03:35.567249 | aud_2942023c | dr_chen | Doctor | PATIENT_360_VIEW | PATIENT_P_00001 | SUCCESS | Viewed Patient 360 profile for P_00001
2026-10-05T19:03:37.367152 | aud_aa5b24e7 | dr_chen | Doctor | PATIENT_360_VIEW | PATIENT_P_00001 | SUCCESS | Viewed Patient 360 profile for P_00001
2026-10-05T19:06:28.433836 | aud_9f5b5afe | dr_chen | Doctor | PATIENT_360_VIEW | PATIENT_P_00001 | SUCCESS | Clinical chart access for P_00001
2026-10-05T19:08:50.130162 | aud_e291d986 | test_admin | Hospital Administrator | AGENT_QUERY | HealthAnalyst Agent | SUCCESS | Why did readmission increase?
2026-10-05T19:09:33.189995 | aud_36db631f | dr_chen | Doctor | LAUNCH_WELCOME | SYSTEM_AUTH | SUCCESS | 1-Click Launch from Welcome as Doctor
2026-10-05T19:09:34.553857 | aud_f37a7992 | dr_chen | Doctor | PATIENT_360_VIEW | PATIENT_P_00001 | SUCCESS | Clinical chart access for P_00001
2026-10-05T19:10:05.217132 | aud_9d78e6a3 | dr_chen | Doctor | PATIENT_360_VIEW | PATIENT_P_00011 | SUCCESS | Clinical chart access for P_00011
2026-10-05T19:10:07.364429 | aud_a75d375c | dr_chen | Doctor | PATIENT_360_VIEW | PATIENT_P_00011 | SUCCESS | Clinical chart access for P_00011
2026-10-05T19:10:24.556903 | aud_e280108d | dr_chen | Doctor | PATIENT_360_VIEW | PATIENT_P_00018 | SUCCESS | Clinical chart access for P_00018
2026-10-05T19:10:55.554285 | aud_9d96f1c9 | dr_chen | Doctor | PATIENT_360_VIEW | PATIENT_P_00018 | SUCCESS | Clinical chart access for P_00018
2026-10-05T19:10:59.481994 | aud_91413e4b | dr_chen | Doctor | PATIENT_360_VIEW | PATIENT_P_00018 | SUCCESS | Clinical chart access for P_00018
2026-10-05T19:11:06.758231 | aud_08f013b3 | dr_chen | Doctor | PATIENT_360_VIEW | PATIENT_P_00018 | SUCCESS | Clinical chart access for P_00018
2026-10-05T19:11:10.345497 | aud_71a28119 | dr_chen | Doctor | PATIENT_360_VIEW | PATIENT_P_00018 | SUCCESS | Clinical chart access for P_00018
2026-10-05T19:11:14.180733 | aud_fbdd4c16 | dr_chen | Doctor | PATIENT_360_VIEW | PATIENT_P_00018 | SUCCESS | Clinical chart access for P_00018
2026-10-05T19:12:36.670237 | aud_4858b698 | dr_chen | Doctor | PATIENT_360_VIEW | PATIENT_P_00018 | SUCCESS | Clinical chart access for P_00018
2026-10-05T19:12:38.224060 | aud_2b1b468f | dr_chen | Doctor | PATIENT_360_VIEW | PATIENT_P_00018 | SUCCESS | Clinical chart access for P_00018
2026-10-05T19:12:39.103417 | aud_60d2e74c | dr_chen | Doctor | AGENT_QUERY | MediCare Agent | SUCCESS | What are the drug interaction considerations for this patien
2026-10-05T19:12:40.072747 | aud_83625e66 | dr_chen | Doctor | PATIENT_360_VIEW | PATIENT_P_00018 | SUCCESS | Clinical chart access for P_00018
2026-10-05T19:13:24.348826 | aud_644414a5 | dr_chen | Doctor | PATIENT_360_VIEW | PATIENT_P_00018 | SUCCESS | Clinical chart access for P_00018
2026-10-05T19:13:25.329405 | aud_0c3c5227 | dr_chen | Doctor | AGENT_QUERY | MediCare Agent | SUCCESS | What does Guideline CPG-CLIN-001 recommend for discharge?
2026-10-05T19:13:26.248436 | aud_834f5ef2 | dr_chen | Doctor | PATIENT_360_VIEW | PATIENT_P_00018 | SUCCESS | Clinical chart access for P_00018
2026-10-05T19:14:12.528691 | aud_2675327a | dr_chen | Doctor | LAUNCH_WELCOME | SYSTEM_AUTH | SUCCESS | 1-Click Launch from Welcome as Doctor
2026-10-05T19:14:13.567487 | aud_675fef0b | dr_chen | Doctor | PATIENT_360_VIEW | PATIENT_P_00001 | SUCCESS | Clinical chart access for P_00001
2026-10-05T19:15:47.169679 | aud_bd644b3f | dr_chen | Doctor | PATIENT_360_VIEW | PATIENT_P_00001 | SUCCESS | Clinical chart access for P_00001
2026-10-05T19:15:48.154274 | aud_82227e64 | dr_chen | Doctor | AGENT_QUERY | MediCare Agent | SUCCESS | What are the drug interaction considerations for this patien
2026-10-05T19:15:49.160711 | aud_26e531cb | dr_chen | Doctor | PATIENT_360_VIEW | PATIENT_P_00001 | SUCCESS | Clinical chart access for P_00001
2026-10-05T19:18:31.208697 | aud_f503e73e | test_admin | Hospital Administrator | AGENT_QUERY | HealthAnalyst Agent | SUCCESS | Why did readmission increase?
2026-10-05T19:19:11.422675 | aud_6b3e4f87 | dr_chen | Doctor | LAUNCH_WELCOME | SYSTEM_AUTH | SUCCESS | 1-Click Launch from Welcome as Doctor
2026-10-05T19:19:12.777268 | aud_95c0605d | dr_chen | Doctor | PATIENT_360_VIEW | PATIENT_P_00001 | SUCCESS | Clinical chart access for P_00001
2026-10-05T19:19:19.682682 | aud_88091c92 | dr_chen | Doctor | PATIENT_360_VIEW | PATIENT_P_00001 | SUCCESS | Clinical chart access for P_00001
2026-10-05T19:20:16.575545 | aud_ffa792db | dr_chen | Doctor | PATIENT_360_VIEW | PATIENT_P_00001 | SUCCESS | Clinical chart access for P_00001
2026-10-05T19:20:20.075376 | aud_2c957a10 | dr_chen | Doctor | PATIENT_360_VIEW | PATIENT_P_00001 | SUCCESS | Clinical chart access for P_00001
2026-10-05T19:20:25.674319 | aud_bbfd0d5e | dr_chen | Doctor | PATIENT_360_VIEW | PATIENT_P_00001 | SUCCESS | Clinical chart access for P_00001
2026-10-05T19:20:27.004751 | aud_a37e03a8 | dr_chen | Doctor | PATIENT_360_VIEW | PATIENT_P_00001 | SUCCESS | Clinical chart access for P_00001
2026-10-05T19:20:50.024080 | aud_70bc6610 | dr_chen | Doctor | PATIENT_360_VIEW | PATIENT_P_00001 | SUCCESS | Clinical chart access for P_00001
2026-10-05T19:23:06.770436 | aud_5623c9b1 | dr_chen | Doctor | PATIENT_360_VIEW | PATIENT_P_00001 | SUCCESS | Clinical chart access for P_00001
2026-10-05T19:23:07.706426 | aud_0f58e4da | dr_chen | Doctor | AGENT_QUERY | MediCare Agent | SUCCESS | show the patients with high chances of readdmission
2026-10-05T19:23:08.665597 | aud_11ec6d85 | dr_chen | Doctor | PATIENT_360_VIEW | PATIENT_P_00001 | SUCCESS | Clinical chart access for P_00001
2026-10-05T19:23:58.031756 | aud_0d5422c4 | dr_chen | Doctor | PATIENT_360_VIEW | PATIENT_P_00001 | SUCCESS | Clinical chart access for P_00001
2026-10-05T19:23:59.043445 | aud_1b55b629 | dr_chen | Doctor | AGENT_QUERY | MediCare Agent | SUCCESS | P_00032
2026-10-05T19:24:00.594906 | aud_673da3fc | dr_chen | Doctor | PATIENT_360_VIEW | PATIENT_P_00001 | SUCCESS | Clinical chart access for P_00001
2026-10-05T19:25:26.777550 | aud_b91ada5d | dr_chen | Doctor | PATIENT_360_VIEW | PATIENT_P_00001 | SUCCESS | Clinical chart access for P_00001
2026-10-05T19:25:27.716776 | aud_d8c075a6 | dr_chen | Doctor | AGENT_QUERY | MediCare Agent | SUCCESS | what drug did this patient taking
2026-10-05T19:25:28.694222 | aud_3b83bda0 | dr_chen | Doctor | PATIENT_360_VIEW | PATIENT_P_00001 | SUCCESS | Clinical chart access for P_00001
2026-10-05T19:26:15.083756 | aud_429a65d5 | dr_chen | Doctor | PATIENT_360_VIEW | PATIENT_P_00001 | SUCCESS | Clinical chart access for P_00001
2026-10-05T19:26:16.016907 | aud_98500dce | dr_chen | Doctor | AGENT_QUERY | MediCare Agent | SUCCESS | what drug did this patient taking P_00032
2026-10-05T19:26:17.587787 | aud_915d1b4e | dr_chen | Doctor | PATIENT_360_VIEW | PATIENT_P_00001 | SUCCESS | Clinical chart access for P_00001
2026-10-05T19:27:35.190464 | aud_fe461ca0 | admin_holloway | Hospital Administrator | ROLE_SWITCH | SYSTEM_AUTH | SUCCESS | Switched role to Hospital Administrator
2026-10-05T19:27:35.439099 | aud_b75f5210 | admin_holloway | Hospital Administrator | ROLE_SWITCH | SYSTEM_AUTH | SUCCESS | Switched role to Hospital Administrator
2026-10-05T19:27:35.697823 | aud_36141318 | admin_holloway | Hospital Administrator | ROLE_SWITCH | SYSTEM_AUTH | SUCCESS | Switched role to Hospital Administrator
2026-10-05T19:27:35.933759 | aud_1697d33c | admin_holloway | Hospital Administrator | ROLE_SWITCH | SYSTEM_AUTH | SUCCESS | Switched role to Hospital Administrator
2026-10-05T19:27:36.175219 | aud_c131235b | admin_holloway | Hospital Administrator | ROLE_SWITCH | SYSTEM_AUTH | SUCCESS | Switched role to Hospital Administrator
2026-10-05T19:27:36.438574 | aud_53e31c5f | admin_holloway | Hospital Administrator | ROLE_SWITCH | SYSTEM_AUTH | SUCCESS | Switched role to Hospital Administrator
2026-10-05T19:27:36.670088 | aud_957865b2 | admin_holloway | Hospital Administrator | ROLE_SWITCH | SYSTEM_AUTH | SUCCESS | Switched role to Hospital Administrator
2026-10-05T19:27:36.907651 | aud_350d35e4 | admin_holloway | Hospital Administrator | ROLE_SWITCH | SYSTEM_AUTH | SUCCESS | Switched role to Hospital Administrator
2026-10-05T19:27:37.121063 | aud_7d92f80c | admin_holloway | Hospital Administrator | ROLE_SWITCH | SYSTEM_AUTH | SUCCESS | Switched role to Hospital Administrator
2026-10-05T19:27:37.373579 | aud_7848c869 | admin_holloway | Hospital Administrator | ROLE_SWITCH | SYSTEM_AUTH | SUCCESS | Switched role to Hospital Administrator
2026-10-05T19:27:37.612548 | aud_35316f5e | admin_holloway | Hospital Administrator | ROLE_SWITCH | SYSTEM_AUTH | SUCCESS | Switched role to Hospital Administrator
2026-10-05T19:27:37.869452 | aud_2fc1b8ed | admin_holloway | Hospital Administrator | ROLE_SWITCH | SYSTEM_AUTH | SUCCESS | Switched role to Hospital Administrator
2026-10-05T19:27:38.101027 | aud_5793b6f1 | admin_holloway | Hospital Administrator | ROLE_SWITCH | SYSTEM_AUTH | SUCCESS | Switched role to Hospital Administrator
2026-10-05T19:27:38.337449 | aud_76bfe27f | admin_holloway | Hospital Administrator | ROLE_SWITCH | SYSTEM_AUTH | SUCCESS | Switched role to Hospital Administrator
2026-10-05T19:27:38.581044 | aud_84a8be41 | admin_holloway | Hospital Administrator | ROLE_SWITCH | SYSTEM_AUTH | SUCCESS | Switched role to Hospital Administrator
2026-10-05T19:27:38.827210 | aud_3cdb4517 | admin_holloway | Hospital Administrator | ROLE_SWITCH | SYSTEM_AUTH | SUCCESS | Switched role to Hospital Administrator
2026-10-05T19:27:39.066856 | aud_a595fb6c | admin_holloway | Hospital Administrator | ROLE_SWITCH | SYSTEM_AUTH | SUCCESS | Switched role to Hospital Administrator
2026-10-05T19:27:39.307003 | aud_a647e105 | admin_holloway | Hospital Administrator | ROLE_SWITCH | SYSTEM_AUTH | SUCCESS | Switched role to Hospital Administrator
2026-10-05T19:27:39.530707 | aud_1d648090 | admin_holloway | Hospital Administrator | ROLE_SWITCH | SYSTEM_AUTH | SUCCESS | Switched role to Hospital Administrator
2026-10-05T19:27:39.749460 | aud_96d7962d | admin_holloway | Hospital Administrator | ROLE_SWITCH | SYSTEM_AUTH | SUCCESS | Switched role to Hospital Administrator
2026-10-05T19:27:39.987626 | aud_72685d4c | admin_holloway | Hospital Administrator | ROLE_SWITCH | SYSTEM_AUTH | SUCCESS | Switched role to Hospital Administrator
2026-10-05T19:27:40.240333 | aud_b5f1ed46 | admin_holloway | Hospital Administrator | ROLE_SWITCH | SYSTEM_AUTH | SUCCESS | Switched role to Hospital Administrator
2026-10-05T19:27:40.485469 | aud_167e45c4 | admin_holloway | Hospital Administrator | ROLE_SWITCH | SYSTEM_AUTH | SUCCESS | Switched role to Hospital Administrator
2026-10-05T19:27:40.758506 | aud_ec4f03f4 | admin_holloway | Hospital Administrator | ROLE_SWITCH | SYSTEM_AUTH | SUCCESS | Switched role to Hospital Administrator
2026-10-05T19:27:40.991324 | aud_89f9b971 | admin_holloway | Hospital Administrator | ROLE_SWITCH | SYSTEM_AUTH | SUCCESS | Switched role to Hospital Administrator
2026-10-05T19:27:41.223700 | aud_98265d81 | admin_holloway | Hospital Administrator | ROLE_SWITCH | SYSTEM_AUTH | SUCCESS | Switched role to Hospital Administrator
2026-10-05T19:27:41.440836 | aud_3b42d32f | admin_holloway | Hospital Administrator | ROLE_SWITCH | SYSTEM_AUTH | SUCCESS | Switched role to Hospital Administrator
2026-10-05T19:27:41.750465 | aud_fb6abd3a | admin_holloway | Hospital Administrator | ROLE_SWITCH | SYSTEM_AUTH | SUCCESS | Switched role to Hospital Administrator
2026-10-05T19:27:41.992435 | aud_adcfbcf1 | admin_holloway | Hospital Administrator | ROLE_SWITCH | SYSTEM_AUTH | SUCCESS | Switched role to Hospital Administrator
2026-10-05T19:27:42.216941 | aud_c728d301 | admin_holloway | Hospital Administrator | ROLE_SWITCH | SYSTEM_AUTH | SUCCESS | Switched role to Hospital Administrator
2026-10-05T19:27:42.451711 | aud_f75cebff | admin_holloway | Hospital Administrator | ROLE_SWITCH | SYSTEM_AUTH | SUCCESS | Switched role to Hospital Administrator
2026-10-05T19:27:42.672893 | aud_1d50b677 | admin_holloway | Hospital Administrator | ROLE_SWITCH | SYSTEM_AUTH | SUCCESS | Switched role to Hospital Administrator
2026-10-05T19:27:42.921798 | aud_58912a80 | admin_holloway | Hospital Administrator | ROLE_SWITCH | SYSTEM_AUTH | SUCCESS | Switched role to Hospital Administrator
2026-10-05T19:27:43.174176 | aud_1ff933aa | admin_holloway | Hospital Administrator | ROLE_SWITCH | SYSTEM_AUTH | SUCCESS | Switched role to Hospital Administrator
2026-10-05T19:27:43.403290 | aud_3158d479 | admin_holloway | Hospital Administrator | ROLE_SWITCH | SYSTEM_AUTH | SUCCESS | Switched role to Hospital Administrator
2026-10-05T19:27:43.647299 | aud_db888cc7 | admin_holloway | Hospital Administrator | ROLE_SWITCH | SYSTEM_AUTH | SUCCESS | Switched role to Hospital Administrator
2026-10-05T19:27:43.791154 | aud_b095c5b4 | admin_holloway | Hospital Administrator | ROLE_SWITCH | SYSTEM_AUTH | SUCCESS | Switched role to Hospital Administrator
2026-10-05T19:27:44.087688 | aud_a912032d | admin_holloway | Hospital Administrator | ROLE_SWITCH | SYSTEM_AUTH | SUCCESS | Switched role to Hospital Administrator
2026-10-05T19:27:44.309722 | aud_7145292b | admin_holloway | Hospital Administrator | ROLE_SWITCH | SYSTEM_AUTH | SUCCESS | Switched role to Hospital Administrator
2026-10-05T19:27:44.540315 | aud_d0436d5f | admin_holloway | Hospital Administrator | ROLE_SWITCH | SYSTEM_AUTH | SUCCESS | Switched role to Hospital Administrator
2026-10-05T19:27:44.776911 | aud_05c427e9 | admin_holloway | Hospital Administrator | ROLE_SWITCH | SYSTEM_AUTH | SUCCESS | Switched role to Hospital Administrator
2026-10-05T19:27:45.071094 | aud_25464c7f | admin_holloway | Hospital Administrator | ROLE_SWITCH | SYSTEM_AUTH | SUCCESS | Switched role to Hospital Administrator
2026-10-05T19:27:45.323095 | aud_fb4e5d3c | admin_holloway | Hospital Administrator | ROLE_SWITCH | SYSTEM_AUTH | SUCCESS | Switched role to Hospital Administrator
2026-10-05T19:27:45.561963 | aud_29605d63 | admin_holloway | Hospital Administrator | ROLE_SWITCH | SYSTEM_AUTH | SUCCESS | Switched role to Hospital Administrator
2026-10-05T19:27:45.798700 | aud_23bcebe6 | admin_holloway | Hospital Administrator | ROLE_SWITCH | SYSTEM_AUTH | SUCCESS | Switched role to Hospital Administrator
2026-10-05T19:27:46.257490 | aud_3b0f18f3 | admin_holloway | Hospital Administrator | ROLE_SWITCH | SYSTEM_AUTH | SUCCESS | Switched role to Hospital Administrator
2026-10-05T19:27:46.480975 | aud_64b304fb | admin_holloway | Hospital Administrator | ROLE_SWITCH | SYSTEM_AUTH | SUCCESS | Switched role to Hospital Administrator
2026-10-05T19:27:46.722689 | aud_da251c7f | admin_holloway | Hospital Administrator | ROLE_SWITCH | SYSTEM_AUTH | SUCCESS | Switched role to Hospital Administrator
2026-10-05T19:27:46.965368 | aud_f3c4b763 | admin_holloway | Hospital Administrator | ROLE_SWITCH | SYSTEM_AUTH | SUCCESS | Switched role to Hospital Administrator
2026-10-05T19:27:47.191658 | aud_de44005b | admin_holloway | Hospital Administrator | ROLE_SWITCH | SYSTEM_AUTH | SUCCESS | Switched role to Hospital Administrator
2026-10-05T19:27:47.435298 | aud_2bf55ff8 | admin_holloway | Hospital Administrator | ROLE_SWITCH | SYSTEM_AUTH | SUCCESS | Switched role to Hospital Administrator
2026-10-05T19:27:47.689879 | aud_a71e78f2 | admin_holloway | Hospital Administrator | ROLE_SWITCH | SYSTEM_AUTH | SUCCESS | Switched role to Hospital Administrator
2026-10-05T19:27:47.929628 | aud_299e6524 | admin_holloway | Hospital Administrator | ROLE_SWITCH | SYSTEM_AUTH | SUCCESS | Switched role to Hospital Administrator
2026-10-05T19:27:48.181168 | aud_d6a97fbd | admin_holloway | Hospital Administrator | ROLE_SWITCH | SYSTEM_AUTH | SUCCESS | Switched role to Hospital Administrator
2026-10-05T19:27:48.418991 | aud_2a16e3d0 | admin_holloway | Hospital Administrator | ROLE_SWITCH | SYSTEM_AUTH | SUCCESS | Switched role to Hospital Administrator
2026-10-05T19:27:48.667152 | aud_71192b7d | admin_holloway | Hospital Administrator | ROLE_SWITCH | SYSTEM_AUTH | SUCCESS | Switched role to Hospital Administrator
2026-10-05T19:27:48.904864 | aud_3b526f35 | admin_holloway | Hospital Administrator | ROLE_SWITCH | SYSTEM_AUTH | SUCCESS | Switched role to Hospital Administrator
2026-10-05T19:27:49.133785 | aud_b7862049 | admin_holloway | Hospital Administrator | ROLE_SWITCH | SYSTEM_AUTH | SUCCESS | Switched role to Hospital Administrator
2026-10-05T19:27:49.361899 | aud_8a70807e | admin_holloway | Hospital Administrator | ROLE_SWITCH | SYSTEM_AUTH | SUCCESS | Switched role to Hospital Administrator
2026-10-05T19:27:49.583801 | aud_74d9672c | admin_holloway | Hospital Administrator | ROLE_SWITCH | SYSTEM_AUTH | SUCCESS | Switched role to Hospital Administrator
2026-10-05T19:27:49.830356 | aud_c9fbe84f | admin_holloway | Hospital Administrator | ROLE_SWITCH | SYSTEM_AUTH | SUCCESS | Switched role to Hospital Administrator
2026-10-05T19:27:50.108327 | aud_ec13f658 | admin_holloway | Hospital Administrator | ROLE_SWITCH | SYSTEM_AUTH | SUCCESS | Switched role to Hospital Administrator
2026-10-05T19:27:50.352258 | aud_007b4c2a | admin_holloway | Hospital Administrator | ROLE_SWITCH | SYSTEM_AUTH | SUCCESS | Switched role to Hospital Administrator
2026-10-05T19:27:50.592355 | aud_1b83a96a | admin_holloway | Hospital Administrator | ROLE_SWITCH | SYSTEM_AUTH | SUCCESS | Switched role to Hospital Administrator
2026-10-05T19:27:50.827584 | aud_48a12bf5 | admin_holloway | Hospital Administrator | ROLE_SWITCH | SYSTEM_AUTH | SUCCESS | Switched role to Hospital Administrator
2026-10-05T19:27:51.068607 | aud_a42d9cf4 | admin_holloway | Hospital Administrator | ROLE_SWITCH | SYSTEM_AUTH | SUCCESS | Switched role to Hospital Administrator
2026-10-05T19:27:51.317283 | aud_3f2b3b42 | admin_holloway | Hospital Administrator | ROLE_SWITCH | SYSTEM_AUTH | SUCCESS | Switched role to Hospital Administrator
2026-10-05T19:27:51.567286 | aud_77a79eb8 | admin_holloway | Hospital Administrator | ROLE_SWITCH | SYSTEM_AUTH | SUCCESS | Switched role to Hospital Administrator
2026-10-05T19:27:51.817093 | aud_e980761c | admin_holloway | Hospital Administrator | ROLE_SWITCH | SYSTEM_AUTH | SUCCESS | Switched role to Hospital Administrator
2026-10-05T19:27:52.050388 | aud_d23537c9 | admin_holloway | Hospital Administrator | ROLE_SWITCH | SYSTEM_AUTH | SUCCESS | Switched role to Hospital Administrator
2026-10-05T19:29:06.806385 | aud_81a55cb3 | admin_holloway | Hospital Administrator | LAUNCH_WELCOME | SYSTEM_AUTH | SUCCESS | 1-Click Launch from Welcome as Hospital Administrator
2026-10-05T19:29:54.761665 | aud_64733d06 | admin_holloway | Hospital Administrator | AGENT_QUERY | HealthAnalyst Agent | SUCCESS | Why did readmissions increase across inpatient wards?
2026-10-05T19:31:41.481942 | aud_1ad29109 | admin_holloway | Hospital Administrator | AGENT_QUERY | HealthAnalyst Agent | SUCCESS | Readmission rate is increasing or decreasing and why?
2026-10-05T19:33:46.774282 | aud_e46b2318 | it_admin_torvalds | IT Administrator | LOGIN_1CLICK | SYSTEM_AUTH | SUCCESS | Demo 1-Click Login as IT Administrator
2026-10-05T19:34:19.556280 | aud_4b7cf333 | it_admin_torvalds | IT Administrator | LOGOUT | SYSTEM_AUTH | SUCCESS | Signed out gracefully.
2026-10-05T19:34:24.982901 | aud_26f78f9c | pharmacist_patel | Pharmacist | LAUNCH_WELCOME | SYSTEM_AUTH | SUCCESS | 1-Click Launch from Welcome as Pharmacist
2026-10-05T19:34:50.314552 | aud_851bdd72 | pharmacist_patel | Pharmacist | LOGOUT | SYSTEM_AUTH | SUCCESS | Signed out gracefully.
2026-10-05T19:34:53.480505 | aud_2515e68f | lab_tech_kim | Laboratory Technician | LAUNCH_WELCOME | SYSTEM_AUTH | SUCCESS | 1-Click Launch from Welcome as Laboratory Technician
2026-10-05T19:35:22.158103 | aud_2ede1a8c | lab_tech_kim | Laboratory Technician | LOGOUT | SYSTEM_AUTH | SUCCESS | Signed out gracefully.
2026-10-05T19:35:26.217230 | aud_7701134a | receptionist_davis | Receptionist | LAUNCH_WELCOME | SYSTEM_AUTH | SUCCESS | 1-Click Launch from Welcome as Receptionist
2026-10-05T20:06:29.747675 | aud_81b8d416 | receptionist_davis | Receptionist | LOGOUT | SYSTEM_AUTH | SUCCESS | Signed out gracefully.
2026-10-05T20:07:52.178243 | aud_7208f840 | admin_holloway | Hospital Administrator | LAUNCH_WELCOME | SYSTEM_AUTH | SUCCESS | 1-Click Launch from Welcome as Hospital Administrator
